[excelmacktrade.com/index.html]
[backblue.gif]
[fade.gif]
[index.html]
[excelmacktrade.com/assets/images/logoIcon/favicon.png]
[excelmacktrade.com/assets/images/logoIcon/logo.png]
[excelmacktrade.com/assets/images/seo/62e1644a6eaf71658938442.jpg]
[excelmacktrade.com/assets/templates/basic/newfront/js/scer.js]
[excelmacktrade.com/copytrading.html]
[excelmacktrade.com/options.html]
[excelmacktrade.com/stocks.html]
[excelmacktrade.com/forex.html]
[excelmacktrade.com/crypto.html]
[excelmacktrade.com/nfp.html]
[excelmacktrade.com/realestate.html]
[excelmacktrade.com/infrastructure.html]
[excelmacktrade.com/expert-traders.html]
[excelmacktrade.com/financial.html]
[excelmacktrade.com/wealth.html]
[excelmacktrade.com/retirement.html]
[excelmacktrade.com/page/about.html]
[excelmacktrade.com/responsibility.html]
[excelmacktrade.com/career.html]
[excelmacktrade.com/blog.html]
[www.gstatic.com/images/branding/googlelogo/1x/googlelogo_color_42x16dp.png]
[translate.google.com/translate_a/element7876.js]
[excelmacktrade.com/assets/templates/basic/newfront/png/header-bg-1.png]
[excelmacktrade.com/assets/templates/basic/newfront/png/header-bg-2.png]
[excelmacktrade.com/assets/templates/basic/newfront/png/header-bg-3.png]
[s3.tradingview.com/external-embedding/embed-widget-tickers.js]
[excelmacktrade.com/assets/templates/basic/newfront/13519515_Excelmark_TRADE_2021-07-20.pdf]
[excelmacktrade.com/assets/templates/basic/newfront/ui/img-socialTrading-sideBubble2@2x.png]
[excelmacktrade.com/assets/templates/basic/newfront/ui/img-socialTrading-mainBubble1@2x.png]
[excelmacktrade.com/assets/templates/basic/newfront/ui/img-socialTrading-sideBubble1@2x.png]
[excelmacktrade.com/assets/templates/basic/newfront/ui/img-statCard1@2x.png]
[excelmacktrade.com/assets/templates/basic/newfront/ui/img-socialTrading-sideBubble5@2x.png]
[excelmacktrade.com/assets/templates/basic/newfront/ui/img-socialTrading-mainBubble2@2x.png]
[excelmacktrade.com/assets/templates/basic/newfront/ui/img-socialTrading-sideBubble6@2x.png]
[excelmacktrade.com/assets/templates/basic/newfront/ui/img-statCard2@2x.png]
[excelmacktrade.com/assets/templates/basic/newfront/ui/img-socialTrading-sideBubble3@2x.2c.delayed]
[excelmacktrade.com/assets/templates/basic/newfront/ui/img-socialTrading-mainBubble3@2x.png]
[excelmacktrade.com/assets/templates/basic/newfront/ui/img-statCard3@2x.png]
[excelmacktrade.com/document.2f.delayed]
[s3.tradingview.com/external-embedding/embed-widget-forex-cross-rates.js]
[excelmacktrade.com/assets/images/frontend/testimonial/633554355c4c31664439349.jpg]
[excelmacktrade.com/assets/images/frontend/testimonial/633710898f5891664553097.jpg]
[excelmacktrade.com/assets/images/frontend/testimonial/633222e7546d71664230119.jpg]
[excelmacktrade.com/assets/images/frontend/testimonial/6332203ae66ae1664229434.jpg]
[excelmacktrade.com/assets/images/frontend/testimonial/63321dfd4ca661664228861.jpg]
[excelmacktrade.com/assets/images/frontend/testimonial/63321ce8172f41664228584.jpg]
[excelmacktrade.com/assets/images/frontend/testimonial/63321a2901c5c1664227881.jpg]
[excelmacktrade.com/page/privacy.html]
[s3.tradingview.com/external-embedding/embed-widget-timeline.js]
[excelmacktrade.com/assets/templates/basic/newfront/js/main83018301.js]
[excelmacktrade.com/assets/templates/basic/newfront/js/main830118301.js]
[excelmacktrade.com/assets/templates/basic/newfront/js/main8301118301.js]
[excelmacktrade.com/assets/templates/basic/newfront/js/main83011118301.js]
[excelmacktrade.com/index.html]
[www.smartsuppchat.com/loaderd41d.js]
[excelmacktrade.com/assets/templates/basic/newfront/png/ae33acae404631e997ef8d91dae08ccd.png]
[excelmacktrade.com/assets/templates/basic/newfront/ttf/montserrat-variablefont_wght.ttf]
[excelmacktrade.com/assets/templates/basic/newfront/ttf/nunitosans-regular.ttf]
[excelmacktrade.com/assets/templates/basic/newfront/woff/nunitosans-regular.woff]
[excelmacktrade.com/assets/templates/basic/newfront/eot/nunitosans-bold.eot]
[excelmacktrade.com/assets/templates/basic/newfront/ttf/nunitosans-bold.ttf]
[excelmacktrade.com/assets/templates/basic/newfront/woff/nunitosans-bold.woff]
[excelmacktrade.com/assets/templates/basic/newfront/png/flags_20x20_r_sprites.png]
[excelmacktrade.com/assets/templates/basic/newfront/png/flags_26x26_r_sprites.png]
[excelmacktrade.com/assets/templates/basic/newfront/png/flags_50x50_r_sprites.png]
[excelmacktrade.com/assets/templates/basic/newfront/svg/icon-drop-down.png]
[excelmacktrade.com/assets/templates/basic/newfront/png/icon-currency.png]
[excelmacktrade.com/assets/templates/basic/newfront/png/icon-commodities.png]
[excelmacktrade.com/assets/templates/basic/newfront/png/icon-crypto.png]
[excelmacktrade.com/assets/templates/basic/newfront/png/icon-stocks.png]
[excelmacktrade.com/assets/templates/basic/newfront/png/icon-indices.png]
[excelmacktrade.com/assets/templates/basic/newfront/jpg/bg-how.jpg]
[excelmacktrade.com/assets/templates/basic/newfront/png/pin.png]
[excelmacktrade.com/assets/templates/basic/newfront/png/pin@2x.png]
[excelmacktrade.com/assets/templates/basic/newfront/png/form-logo.png]
[excelmacktrade.com/assets/templates/basic/newfront/png/email-icon--success.png]
[excelmacktrade.com/assets/templates/basic/newfront/png/email-icon--failed.png]
[excelmacktrade.com/assets/templates/basic/newfront/png/icon-bar-graph.png]
[excelmacktrade.com/assets/templates/basic/newfront/png/platform-logo38603860.png]
[excelmacktrade.com/assets/templates/basic/newfront/png/icon-exclamation-mark.png]
[excelmacktrade.com/assets/templates/basic/newfront/jpg/social-bg.jpg]
[excelmacktrade.com/assets/templates/basic/newfront/jpg/chat-bg.jpg]
[excelmacktrade.com/assets/templates/basic/newfront/png/icon-win-cross.png]
[excelmacktrade.com/assets/templates/basic/newfront/png/icon-facebook.png]
[excelmacktrade.com/assets/templates/basic/newfront/png/icon-google.png]
[excelmacktrade.com/assets/templates/basic/newfront/png/aig.png]
[excelmacktrade.com/assets/templates/basic/newfront/png/alcoa.png]
[excelmacktrade.com/assets/templates/basic/newfront/png/apple.png]
[excelmacktrade.com/assets/templates/basic/newfront/png/boeing.png]
[excelmacktrade.com/assets/templates/basic/newfront/png/caterpillar.png]
[excelmacktrade.com/assets/templates/basic/newfront/png/disney.png]
[excelmacktrade.com/assets/templates/basic/newfront/png/gazprom.png]
[excelmacktrade.com/assets/templates/basic/newfront/png/google.png]
[excelmacktrade.com/assets/templates/basic/newfront/png/ibm.png]
[excelmacktrade.com/assets/templates/basic/newfront/png/severstal.png]
[excelmacktrade.com/assets/templates/basic/newfront/jpg/a-img1.jpg]
[excelmacktrade.com/assets/templates/basic/newfront/png/a-activity.png]
[excelmacktrade.com/assets/templates/basic/newfront/png/a-progress.png]
[excelmacktrade.com/assets/templates/basic/newfront/png/a-advantages.png]
[excelmacktrade.com/assets/templates/basic/newfront/png/a-secret-gem.png]
[excelmacktrade.com/assets/templates/basic/newfront/png/gift.png]
[pocketoption.com/themes/2017-09/img/pages/ie/Chrome-icon@2x.png]
[pocketoption.com/themes/2017-09/img/pages/ie/Opera-icon@2x.png]
[pocketoption.com/themes/2017-09/img/pages/ie/Safari-icon@2x.png]
[pocketoption.com/themes/2017-09/img/po-modal-bg.png]
[excelmacktrade.com/assets/templates/basic/newfront/css/main797c797c.css]
[gtranslate.net/flags/16.png]
[gtranslate.net/flags/16a.png]
[excelmacktrade.com/assets/templates/basic/newfront/css/main797cc797c.css]
[cdnjs.cloudflare.com/ajax/libs/font-awesome/5.11.2/css/all.min.css]
[excelmacktrade.com/assets/templates/basic/newfront/png/bg-social.mp4]
[excelmacktrade.com/assets/templates/basic/newfront/png/bg-social.webm]
[excelmacktrade.com/assets/templates/basic/newfront/png/image-social.png]
[excelmacktrade.com/assets/templates/basic/newfront/png/activity.png]
[excelmacktrade.com/assets/templates/basic/newfront/png/traders.png]
[excelmacktrade.com/assets/templates/basic/newfront/png/copyy.png]
[excelmacktrade.com/assets/templates/basic/newfront/png/profit.png]
[excelmacktrade.com/assets/templates/basic/newfront/png/full-auto.png]
[excelmacktrade.com/assets/templates/basic/newfront/png/everyone.png]
[excelmacktrade.com/assets/templates/basic/newfront/png/adjustable.png]
[excelmacktrade.com/assets/templates/basic/newfront/png/adaptive.png]
[excelmacktrade.com/assets/templates/basic/newfront/png/reports.png]
[excelmacktrade.com/assets/templates/basic/newfront/png/community.png]
[excelmacktrade.com/assets/templates/basic/newfront/png/scalable.png]
[excelmacktrade.com/assets/templates/basic/newfront/png/convenient.png]
[excelmacktrade.com/assets/templates/basic/newfront/png/trends.png]
[excelmacktrade.com/assets/templates/basic/newfront/png/karma.png]
[ajax.googleapis.com/ajax/libs/jquery/1.11.1/jquery.min.js]
[excelmacktrade.com/assets/templates/basic/newfront/js/jquery.pagepiling8e1f.js]
[excelmacktrade.com/assets/templates/basic/newfront/js/script8e1f.js]
[excelmacktrade.com/copytrading.html]
[excelmacktrade.com/assets/templates/basic/newfront/png/about-bg.png]
[excelmacktrade.com/options.html]
[excelmacktrade.com/stocks.html]
[excelmacktrade.com/assets/templates/basic/newfront/jpg/forex1.jpg]
[excelmacktrade.com/assets/templates/basic/newfront/js/jquery.js]
[excelmacktrade.com/assets/templates/basic/newfront/js/bootstrap.min.js]
[excelmacktrade.com/forex.html]
[excelmacktrade.com/crypto.html]
[excelmacktrade.com/assets/templates/basic/newfront/jpg/nfp.jpg]
[excelmacktrade.com/nfp.html]
[excelmacktrade.com/assets/templates/basic/newfront/jpg/01-photomontage_sunrise.jpg]
[excelmacktrade.com/assets/templates/basic/newfront/png/potsdamerplatz_tiny.png]
[excelmacktrade.com/assets/templates/basic/newfront/jpg/pexels-vladimir-kudinov-36362.jpg]
[excelmacktrade.com/assets/templates/basic/newfront/png/2716_4200_150113_rgb.png]
[excelmacktrade.com/assets/templates/basic/newfront/jpg/pexels-the-lazy-artist-gallery-1642125.jpg]
[excelmacktrade.com/assets/templates/basic/newfront/jpg/2.1_uk_housing.jpg]
[excelmacktrade.com/realestate.html]
[excelmacktrade.com/assets/templates/basic/newfront/jpg/infra_district_energy_enwave_toronto_pumps_0.jpg]
[excelmacktrade.com/assets/templates/basic/newfront/jpg/high-res-jpg-infra_district_energy_enwave_australia_alkaloids_1.jpg]
[excelmacktrade.com/assets/templates/basic/newfront/jpg/high-res-jpg-infra_transport_toll_road_avn_chile_south_america_2.jpg]
[excelmacktrade.com/assets/templates/basic/newfront/jpg/high-res-jpg-infra_district_energy_enwave_toronto_heat_exchanger_4.jpg]
[excelmacktrade.com/assets/templates/basic/newfront/jpg/high-res-jpg-infra_utilities_tdf_telecommunications_avignon_mont_ventoux_france.jpg]
[excelmacktrade.com/infrastructure.html]
[excelmacktrade.com/assets/templates/basic/newfront/jpeg/1.jpg]
[excelmacktrade.com/assets/templates/basic/newfront/jpeg/2.jpg]
[excelmacktrade.com/assets/templates/basic/newfront/jpeg/3.jpg]
[excelmacktrade.com/assets/templates/basic/newfront/jpeg/4.jpg]
[excelmacktrade.com/assets/templates/basic/newfront/jpeg/5.jpg]
[excelmacktrade.com/assets/templates/basic/newfront/jpeg/6.jpg]
[excelmacktrade.com/assets/templates/basic/newfront/jpeg/7.jpg]
[excelmacktrade.com/expert-traders.html]
[excelmacktrade.com/5eff1505-d57e-1f1b-f40d-96401b7ebd6a.c5.delayed]
[excelmacktrade.com/5eff1505-d57e-1f1b-f40d-96401b7ebd6b.c6.delayed]
[excelmacktrade.com/5eff1505-d57e-1f1b-f40d-96401b7ebd7e.c7.delayed]
[excelmacktrade.com/a6af4afb-245e-db96-c80f-54c2c22eca11.c8.delayed]
[excelmacktrade.com/dcdcd2c9-9af3-ff16-b683-e3f35aeca4b4.ca.delayed]
[excelmacktrade.com/bf9dc504-7a69-585c-1cfa-d816f70a0999.cc.delayed]
[excelmacktrade.com/bfd2a1f4-e975-47fc-74d8-ca9fdbfe8d84.ce.delayed]
[excelmacktrade.com/bfd2a1f4-e975-47fc-74d8-ca9fdbfe8d96.cf.delayed]
[excelmacktrade.com/bfd2a1f4-e975-47fc-74d8-ca9fdbfe8d97.d0.delayed]
[excelmacktrade.com/bfd2a1f4-e975-47fc-74d8-ca9fdbfe8d9f.d2.delayed]
[excelmacktrade.com/bfd2a1f4-e975-47fc-74d8-ca9fdbfe8da7.d4.delayed]
[excelmacktrade.com/bfd2a1f4-e975-47fc-74d8-ca9fdbfe8d85.d5.delayed]
[excelmacktrade.com/assets/templates/basic/newfront/js/jquery-3.5.1.min.dc5e7f18c8bf79.js]
[excelmacktrade.com/assets/templates/basic/newfront/js/webflow.069902445.js]
[excelmacktrade.com/assets/templates/basic/newfront/js/recent.js]
[excelmacktrade.com/financial.html]
[excelmacktrade.com/assets/templates/basic/newfront/jpg/approach-perspective.jpg]
[excelmacktrade.com/assets/templates/basic/newfront/jpg/approach-strategies.jpg]
[excelmacktrade.com/assets/templates/basic/newfront/jpg/approach-commitment.jpg]
[excelmacktrade.com/wealth.html]
[excelmacktrade.com/assets/templates/basic/newfront/jpg/doingretirement.jpg]
[excelmacktrade.com/assets/templates/basic/newfront/png/chart.png]
[excelmacktrade.com/retirement.html]
[excelmacktrade.com/assets/templates/basic/newfront/png/why-icon.png]
[excelmacktrade.com/assets/templates/basic/newfront/png/mail.png]
[excelmacktrade.com/assets/templates/basic/newfront/png/join-bg.png]
[excelmacktrade.com/page/about.html]
[excelmacktrade.com/assets/templates/basic/newfront/jpg/respon1.jpg]
[excelmacktrade.com/assets/templates/basic/newfront/jpg/respon2.jpg]
[excelmacktrade.com/assets/templates/basic/newfront/jpg/respon3.jpg]
[excelmacktrade.com/assets/templates/basic/newfront/png/led.png]
[excelmacktrade.com/responsibility.html]
[excelmacktrade.com/assets/templates/basic/newfront/png/quick-start-bg.png]
[excelmacktrade.com/assets/templates/basic/newfront/jpg/intro-video.jpg]
[excelmacktrade.com/career.html]
[excelmacktrade.com/blog.html]
[excelmacktrade.com/assets/templates/basic/newfront/ui/svgs/icon-investPortfolio.svg]
[excelmacktrade.com/assets/templates/basic/newfront/ui/svgs/icon-customerService.svg]
[excelmacktrade.com/assets/templates/basic/newfront/ui/svgs/icon-globalRegulated.svg]
[excelmacktrade.com/assets/templates/basic/newfront/ui/img-socialTrading-sideBubble3@2x.html]
[excelmacktrade.com/document.html]
[excelmacktrade.com/assets/templates/basic/newfront/svg/icon-social.svg]
[excelmacktrade.com/assets/templates/basic/newfront/svg/icon-chat.svg]
[excelmacktrade.com/assets/templates/basic/newfront/svg/money.svg]
[excelmacktrade.com/assets/templates/basic/newfront/svg/graf.svg]
[excelmacktrade.com/assets/templates/basic/newfront/svg/cheese.svg]
[excelmacktrade.com/assets/templates/basic/newfront/svg/users.svg]
[excelmacktrade.com/assets/templates/basic/newfront/svg/1.svg]
[excelmacktrade.com/assets/templates/basic/newfront/svg/2.svg]
[excelmacktrade.com/assets/templates/basic/newfront/svg/3.svg]
[excelmacktrade.com/assets/templates/basic/newfront/svg/4.svg]
[excelmacktrade.com/assets/templates/basic/newfront/svg/5.svg]
[excelmacktrade.com/assets/templates/basic/newfront/svg/6.svg]
[excelmacktrade.com/assets/templates/basic/newfront/svg/7.svg]
[excelmacktrade.com/assets/templates/basic/newfront/svg/8.svg]
[excelmacktrade.com/assets/templates/basic/newfront/css/custom.css]
[excelmacktrade.com/assets/templates/basic/newfront/css/animate.min.css]
[excelmacktrade.com/login]
[excelmacktrade.com/assets/templates/basic/newfront/png/contacts-bg.png]
[excelmacktrade.com/page/privacy.html]
[excelmacktrade.com/assets/templates/basic/newfront/png/f2c77a6b7e26ff160fdb4193b383b1ea.png]
[excelmacktrade.com/assets/templates/basic/newfront/eot/nunitosans-regular.eot]
[excelmacktrade.com/assets/templates/basic/newfront/svg/icon-drop-down-white.svg]
[excelmacktrade.com/assets/templates/basic/newfront/svg/icon-web.svg]
[excelmacktrade.com/assets/templates/basic/newfront/svg/icon-android.svg]
[excelmacktrade.com/assets/templates/basic/newfront/svg/icon-ios.svg]
[excelmacktrade.com/assets/templates/basic/newfront/svg/icon-tb.svg]
[excelmacktrade.com/assets/templates/basic/newfront/svg/icon-drop-down.svg]
[excelmacktrade.com/assets/templates/basic/newfront/svg/icon-check.svg]
[excelmacktrade.com/assets/templates/basic/newfront/svg/icon-top-arrow.svg]
[excelmacktrade.com/assets/templates/basic/newfront/svg/icon-lightning-1.svg]
[excelmacktrade.com/assets/templates/basic/newfront/svg/icon-lightning-2.svg]
[excelmacktrade.com/assets/templates/basic/newfront/svg/icon-eye.svg]
[excelmacktrade.com/assets/templates/basic/newfront/svg/icon-refresh.svg]
[excelmacktrade.com/assets/templates/basic/newfront/svg/icon-21.svg]
[excelmacktrade.com/assets/templates/basic/newfront/svg/modal-arrow.svg]
[excelmacktrade.com/assets/templates/basic/newfront/svg/icon-risk.svg]
[excelmacktrade.com/assets/templates/basic/newfront/png/firefox-icon@2x.png]
[cdnjs.cloudflare.com/ajax/libs/font-awesome/5.11.2/css/all.min.css]
[excelmacktrade.com/assets/templates/basic/newfront/css/jquery.pagepiling.min8e1f.css]
[excelmacktrade.com/assets/templates/basic/newfront/fonts/Roboto-Light.otf]
[excelmacktrade.com/assets/templates/basic/newfront/fonts/Roboto-Regular.otf]
[excelmacktrade.com/assets/templates/basic/newfront/fonts/Roboto-Bold.otf]
[excelmacktrade.com/assets/templates/basic/newfront/fonts/RobotoSlab-Bold.otf]
[excelmacktrade.com/assets/templates/basic/newfront/jpg/video-bg.jpg]
[excelmacktrade.com/assets/templates/basic/newfront/jpg/bg-1.jpg]
[excelmacktrade.com/assets/templates/basic/newfront/jpg/arrow.png]
[excelmacktrade.com/assets/templates/basic/newfront/jpg/bg-3.jpg]
[excelmacktrade.com/assets/templates/basic/newfront/jpg/bg-4.jpg]
[excelmacktrade.com/assets/templates/basic/newfront/jpg/icon-21-plus.png]
[excelmacktrade.com/assets/templates/basic/newfront/jpg/arrow@2x.png]
[excelmacktrade.com/assets/templates/basic/newfront/jpg/icon-21-plus@2x.png]
[excelmacktrade.com/assets/templates/basic/newfront/css/styleb7d4.css]
[excelmacktrade.com/assets/templates/basic/newfront/css/bootstrap.min.css]
[excelmacktrade.com/assets/templates/basic/newfront/custom-checkbox-checkmark.589d534424.f5.delayed]
[excelmacktrade.com/assets/templates/basic/newfront/png/5ad12f3b0f7efd883ff17d65_quote-mark.png]
[excelmacktrade.com/assets/templates/basic/newfront/background-image.f8.delayed]
[excelmacktrade.com/assets/templates/basic/newfront/jpg/5ac504f30012b04af6789afe_rawpixel-com-256640-unsplash.jpg]
[excelmacktrade.com/assets/templates/basic/newfront/jpg/5ac504f45111669faa46c076_victor-freitas-546919-unsplash.jpg]
[excelmacktrade.com/assets/templates/basic/newfront/jpg/5ac504f3485eeddec3789918_bruce-mars-554379-unsplash.jpg]
[excelmacktrade.com/assets/templates/basic/newfront/png/5ac51084851dd774046e1794_line.png]
[excelmacktrade.com/assets/templates/basic/newfront/png/5ac50f1ecbd02156396a298d_show-me-more.png]
[excelmacktrade.com/assets/templates/basic/newfront/jpg/5ac51d8c851dd798496e27f1_2.jpg]
[excelmacktrade.com/assets/templates/basic/newfront/jpg/5ac51d8c0b0d2fcb286a90bb_1.jpg]
[excelmacktrade.com/assets/templates/basic/newfront/jpg/5ac52300f67291456cdb1e93_8.jpg]
[excelmacktrade.com/assets/templates/basic/newfront/jpg/5ac5230093037d7367f2f3a3_5.jpg]
[excelmacktrade.com/assets/templates/basic/newfront/jpg/5ac52bca93037da49df30239_bruce-mars-559226-unsplash.jpg]
[excelmacktrade.com/assets/templates/basic/newfront/jpg/5ac52bcbef857af39a04846d_bruce-mars-554386-unsplash.jpg]
[excelmacktrade.com/assets/templates/basic/newfront/png/5ac52e24e55ec460bba4f210_checkmark.png]
[excelmacktrade.com/assets/templates/basic/newfront/jpg/5ac628bfb922b462ff1953a6_caroline-attwood-576169-unsplash.jpg]
[excelmacktrade.com/assets/templates/basic/newfront/jpg/5ac62951c9a9f42987a50b6b_bruce-mars-558921-unsplash.jpg]
[excelmacktrade.com/assets/templates/basic/newfront/jpg/5accd97c7901616294b4e3ad_alexander-redl-185764-unsplash.jpg]
[excelmacktrade.com/assets/templates/basic/newfront/jpg/5acbb9f025bf41529fd96e31_image.jpg]
[excelmacktrade.com/assets/templates/basic/newfront/jpg/5ad0bf58d8ce024e607a664f_oscar.jpg]
[excelmacktrade.com/assets/templates/basic/newfront/jpg/5ac504f3b50fc937c2e6c866_autumn-goodman-242803-unsplash.jpg]
[excelmacktrade.com/assets/templates/basic/newfront/jpg/5ace2a316e76b41c7ae6dc3a_white.jpg]
[excelmacktrade.com/assets/templates/basic/newfront/png/5ac64c5b74d8bd3229707cc0_curve.png]
[excelmacktrade.com/assets/templates/basic/newfront/jpg/5ac504f46484cf6fd63ef77a_tyler-nix-485827-unsplash.jpg]
[excelmacktrade.com/assets/templates/basic/newfront/jpg/5ac650b90ed0adfef84f4cde_victor-freitas-569958-unsplash.jpg]
[excelmacktrade.com/assets/templates/basic/newfront/jpg/5ac6531999122173f8f16ce4_vitchakorn-koonyosying-494183-unsplash.jpg]
[excelmacktrade.com/assets/templates/basic/newfront/jpg/5ac659f3ac26cb79f7aa57b7_caroline-attwood-301747-unsplash.jpg]
[excelmacktrade.com/assets/templates/basic/newfront/jpg/5ac7adcef15a77528c630261_white.jpg]
[excelmacktrade.com/assets/templates/basic/newfront/jpg/5ac7dcbd99758e3b801dbe51_victor-freitas-522935-unsplash.jpg]
[excelmacktrade.com/assets/templates/basic/newfront/jpg/5ac7dfa4e4871d69046451ae_victor-freitas-522935-unsplash.jpg]
[excelmacktrade.com/assets/templates/basic/newfront/jpg/5ac8ebec99758e18161e5a5a_dot.jpg]
[excelmacktrade.com/assets/templates/basic/newfront/png/5ac8ec1365190572e450a709_user.png]
[excelmacktrade.com/assets/templates/basic/newfront/png/5ac8ec13af4ae81efc300279_email.png]
[excelmacktrade.com/assets/templates/basic/newfront/png/5acb7820d92a3583f4eaf31a_phone.png]
[excelmacktrade.com/assets/templates/basic/newfront/png/5ac964ca99758e43f41eadd9_arrow-3.png]
[excelmacktrade.com/assets/templates/basic/newfront/png/5acb98fa5edee851990d82e4_3.png]
[excelmacktrade.com/assets/templates/basic/newfront/png/5acb995125bf41d57bd9393e_2.png]
[excelmacktrade.com/assets/templates/basic/newfront/png/5acb98fa7bce9547b1f9d17b_1.png]
[excelmacktrade.com/assets/templates/basic/newfront/jpg/5acbabb27bce9555e3f9f1da_1.jpg]
[excelmacktrade.com/assets/templates/basic/newfront/jpg/5acbada37bce954343f9f34e_2.jpg]
[excelmacktrade.com/assets/templates/basic/newfront/jpg/5acbada30b00f7816f84149e_3.jpg]
[excelmacktrade.com/assets/templates/basic/newfront/jpg/5acbd1611f0d9626a44f11bc_asaf-r-300803-unsplash.jpg]
[excelmacktrade.com/assets/templates/basic/newfront/jpg/5accc0d358238f2962747e92_christopher-campbell-40367-unsplash.jpg]
[excelmacktrade.com/assets/templates/basic/newfront/jpg/5ad0d4da1dee89404172efd4_caroline-attwood-301745-unsplash.jpg]
[excelmacktrade.com/assets/templates/basic/newfront/jpg/5acbdf231f0d9679994f21db_pic.jpg]
[excelmacktrade.com/assets/templates/basic/newfront/jpg/5accb3d86634d26bf34c73bc_pic-2.jpg]
[excelmacktrade.com/assets/templates/basic/newfront/jpg/5accb3f48bad996d1bc70cbc_pic-3.jpg]
[excelmacktrade.com/assets/templates/basic/newfront/jpg/5accdefa5affdd8f14335fd9_kyle-smith-528234-unsplash.jpg]
[excelmacktrade.com/assets/templates/basic/newfront/jpg/5acce1b35affdd19f33363c8_jake-jackson-263836-unsplash.jpg]
[excelmacktrade.com/assets/templates/basic/newfront/png/5acbd39978f9ca0aad1794e8_gradient.png]
[excelmacktrade.com/assets/templates/basic/newfront/jpg/5acce58b7901611ec7b4f536_caroline-attwood-301748-unsplash.jpg]
[excelmacktrade.com/assets/templates/basic/newfront/jpg/5ac7dda0e4871d58e664481a_bruce-mars-558730-unsplash.jpg]
[excelmacktrade.com/assets/templates/basic/newfront/jpg/5ac7dcdef15a773006634921_victor-freitas-522926-unsplash.jpg]
[excelmacktrade.com/assets/templates/basic/newfront/png/567t3168epassword.png]
[excelmacktrade.com/assets/templates/basic/newfront/jpg/5ad0cf0ad923b9236fc5111d_bruce-mars-558661-unsplash.jpg]
[excelmacktrade.com/assets/templates/basic/newfront/jpg/5ac7dddc2c10d13b47430a19_caroline-attwood-301746-unsplash.jpg]
[excelmacktrade.com/assets/templates/basic/newfront/jpg/5ad0d5130e93f31744da93e6_caroline-attwood-301742-unsplash.jpg]
[excelmacktrade.com/assets/templates/basic/newfront/jpg/5ac7dce9af4ae83ae42f809a_victor-freitas-549190-unsplash.jpg]
[excelmacktrade.com/assets/templates/basic/newfront/jpg/5ad0d498d923b9ba2bc518b4_jackelin-slack-539451-unsplash.jpg]
[excelmacktrade.com/assets/templates/basic/newfront/jpg/5ac51d8c851dd71f7d6e27f0_3.jpg]
[excelmacktrade.com/assets/templates/basic/newfront/css/wellness-cms.webflow.5eb1ff288.css]
[excelmacktrade.com/5eff1505-d57e-1f1b-f40d-96401b7ebd6a.html]
[excelmacktrade.com/5eff1505-d57e-1f1b-f40d-96401b7ebd6b.html]
[excelmacktrade.com/5eff1505-d57e-1f1b-f40d-96401b7ebd7e.html]
[excelmacktrade.com/a6af4afb-245e-db96-c80f-54c2c22eca11.html]
[excelmacktrade.com/assets/templates/basic/newfront/svg/location.svg]
[excelmacktrade.com/dcdcd2c9-9af3-ff16-b683-e3f35aeca4b4.html]
[excelmacktrade.com/assets/templates/basic/newfront/svg/shield.svg]
[excelmacktrade.com/bf9dc504-7a69-585c-1cfa-d816f70a0999.html]
[excelmacktrade.com/assets/templates/basic/newfront/svg/credit-card.svg]
[excelmacktrade.com/bfd2a1f4-e975-47fc-74d8-ca9fdbfe8d84.html]
[excelmacktrade.com/bfd2a1f4-e975-47fc-74d8-ca9fdbfe8d96.html]
[excelmacktrade.com/bfd2a1f4-e975-47fc-74d8-ca9fdbfe8d97.html]
[excelmacktrade.com/assets/templates/basic/newfront/svg/map.svg]
[excelmacktrade.com/bfd2a1f4-e975-47fc-74d8-ca9fdbfe8d9f.html]
[excelmacktrade.com/assets/templates/basic/newfront/svg/growth.svg]
[excelmacktrade.com/bfd2a1f4-e975-47fc-74d8-ca9fdbfe8da7.html]
[excelmacktrade.com/bfd2a1f4-e975-47fc-74d8-ca9fdbfe8d85.html]
[excelmacktrade.com/assets/templates/basic/newfront/svg/quote.svg]
[excelmacktrade.com/password/reset.html]
[excelmacktrade.com/assets/global/js/iziToast.min.js]
[excelmacktrade.com/login]
[excelmacktrade.com/assets/templates/basic/newfront/ui/svgs/icon-successfulTrader.svg]
[excelmacktrade.com/assets/templates/basic/newfront/custom-checkbox-checkmark.589d534424.html]
[excelmacktrade.com/assets/templates/basic/newfront/svg/5ac50191bbe2f51d11d37177_buscador-musical.svg]
[excelmacktrade.com/assets/templates/basic/newfront/background-image.html]
[excelmacktrade.com/assets/templates/basic/newfront/svg/5ac52f52a93e8858641cb1f9_manzana.svg]
[excelmacktrade.com/assets/templates/basic/newfront/svg/5ac64ae299122144a9f15e8d_barra-con-pesas.svg]
[excelmacktrade.com/assets/templates/basic/newfront/svg/5ac64ae274d8bd3ac4707b4c_tenis-de-mesa.svg]
[excelmacktrade.com/assets/templates/basic/newfront/svg/5ac64ae2991221f020f15e8c_pescado.svg]
[excelmacktrade.com/assets/templates/basic/newfront/svg/5ac64ae161777f2c2a8bde1f_zumo-recien-exprimido.svg]
[excelmacktrade.com/assets/templates/basic/newfront/svg/5ac62ab65cab939e9927f3a4_medalla.svg]
[excelmacktrade.com/assets/templates/basic/newfront/svg/5ac62ab6afeb5ff9a7cab7d0_cintura.svg]
[excelmacktrade.com/assets/templates/basic/newfront/svg/5ac62ab606e220cf456a4ac7_reloj-inteligente.svg]
[excelmacktrade.com/assets/templates/basic/newfront/svg/5ac961bab01ca6d0c6056510_flecha-hacia-arriba.svg]
[excelmacktrade.com/assets/templates/basic/newfront/svg/5ac965a1f15a774be164190f_angulo-de-flecha-hacia-abajo.svg]
[excelmacktrade.com/assets/templates/basic/newfront/svg/5acba03432756e080a339cc0_flecha-reproducir.svg]
[excelmacktrade.com/assets/templates/basic/newfront/svg/5acbbd1532756e145933d058_bascula.svg]
[excelmacktrade.com/assets/templates/basic/newfront/svg/5ad60bbbdc58e1db2c0a4e97_pescado.svg]
[excelmacktrade.com/assets/templates/basic/newfront/svg/5acbbf967bce95231efa1742_ropa-de-deporte.svg]
[excelmacktrade.com/assets/templates/basic/newfront/svg/5acbbffd25bf415562d97506_peso.svg]
[excelmacktrade.com/assets/templates/basic/newfront/svg/5ace42ca31f6d3e01126a17c_boton-anadir.svg]
[excelmacktrade.com/assets/templates/basic/newfront/svg/5acb922902301a69985484bf_zapato.svg]
[excelmacktrade.com/assets/templates/basic/newfront/svg/5ad0d10f3b9e2b12819e7711_shorts.svg]
[excelmacktrade.com/contact.html]
[excelmacktrade.com/assets/templates/basic/front/css/png/crypto.14d.delayed]
[excelmacktrade.com/assets/templates/basic/front/png/bg-sale-1.png]
[excelmacktrade.com/assets/templates/basic/front/png/bg-couter.png]
[excelmacktrade.com/assets/templates/basic/front/png/arrow-down.png]
[excelmacktrade.com/assets/templates/basic/front/css/app.css]
[excelmacktrade.com/themes/cabinet/fonts/NunitoSansRegular/NunitoSansRegular.151.delayed]
[excelmacktrade.com/themes/cabinet/fonts/NunitoSansRegular/NunitoSansRegular.152d41d.delayed]
[excelmacktrade.com/themes/cabinet/fonts/NunitoSansRegular/NunitoSansRegular.153.delayed]
[excelmacktrade.com/themes/cabinet/fonts/NunitoSansRegular/NunitoSansRegular.154.delayed]
[excelmacktrade.com/themes/cabinet/fonts/OpenSansSemiBold/OpenSans-SemiBold.155.delayed]
[excelmacktrade.com/themes/cabinet/fonts/OpenSansSemiBold/OpenSans-SemiBold.156d41d.delayed]
[excelmacktrade.com/themes/cabinet/fonts/OpenSansSemiBold/OpenSans-SemiBold.157.delayed]
[excelmacktrade.com/themes/cabinet/fonts/OpenSansSemiBold/OpenSans-SemiBold.158.delayed]
[excelmacktrade.com/assets/templates/basic/newfront/svg/icon-left.159.delayed]
[excelmacktrade.com/assets/templates/basic/newfront/png/ic-eye.15a.delayed]
[excelmacktrade.com/assets/templates/basic/newfront/png/ic-eye@2x.15b.delayed]
[excelmacktrade.com/assets/templates/basic/newfront/css/blank.min125c.css]
[i.gifer.com/origin/b4/b4d657e7ef262b88eb5f7ac021edda87.gif]
[excelmacktrade.com/assets/templates/basic/assets/images/lock1.png]
[excelmacktrade.com/assets/templates/basic/assets/js/bundle19ce.js]
[excelmacktrade.com/assets/templates/basic/assets/js/scripts19ce.js]
[excelmacktrade.com/assets/templates/basic/assets/js/charts/gd-default19ce.js]
[excelmacktrade.com/password/reset.html]
[excelmacktrade.com/assets/global/css/iziToast.min.css]
[excelmacktrade.com/register.html]
[excelmacktrade.com/assets/templates/basic/front/css/bootstrap.min.css]
[code.jquery.com/jquery-1.12.4.min.js]
[excelmacktrade.com/assets/templates/basic/front/eot/icomoon3f143f14.eot]
[excelmacktrade.com/assets/templates/basic/front/ttf/icomoon3f143f14.ttf]
[excelmacktrade.com/assets/templates/basic/front/woff/icomoon3f143f14.woff]
[excelmacktrade.com/assets/templates/basic/front/css/style.css]
[excelmacktrade.com/assets/templates/basic/front/css/aos.css]
[excelmacktrade.com/assets/templates/basic/front/css/all.min.css]
[excelmacktrade.com/assets/templates/basic/front/css/png/crypto.html]
[excelmacktrade.com/themes/cabinet/fonts/NunitoSansRegular/NunitoSansRegular.html]
[excelmacktrade.com/themes/cabinet/fonts/NunitoSansRegular/NunitoSansRegulard41d.html]
[excelmacktrade.com/themes/cabinet/fonts/NunitoSansRegular/NunitoSansRegular-2.html]
[excelmacktrade.com/themes/cabinet/fonts/NunitoSansRegular/NunitoSansRegular-3.html]
[excelmacktrade.com/themes/cabinet/fonts/OpenSansSemiBold/OpenSans-SemiBold.html]
[excelmacktrade.com/themes/cabinet/fonts/OpenSansSemiBold/OpenSans-SemiBoldd41d.html]
[excelmacktrade.com/themes/cabinet/fonts/OpenSansSemiBold/OpenSans-SemiBold-2.html]
[excelmacktrade.com/themes/cabinet/fonts/OpenSansSemiBold/OpenSans-SemiBold-3.html]
[excelmacktrade.com/assets/templates/basic/newfront/svg/icon-left.html]
[excelmacktrade.com/assets/templates/basic/newfront/png/ic-eye.html]
[excelmacktrade.com/assets/templates/basic/newfront/png/ic-eye@2x.html]
[excelmacktrade.com/assets/templates/basic/newfront/svg/icon-refresh-blue.svg]
[excelmacktrade.com/assets/templates/basic/assets/fonts/Roboto-Light.eot]
[excelmacktrade.com/assets/templates/basic/assets/fonts/Roboto-Light.woff2]
[excelmacktrade.com/assets/templates/basic/assets/fonts/Roboto-Light.woff]
[excelmacktrade.com/assets/templates/basic/assets/fonts/Roboto-Light.ttf]
[excelmacktrade.com/assets/templates/basic/assets/fonts/Roboto-Regular.eot]
[excelmacktrade.com/assets/templates/basic/assets/fonts/Roboto-Regular.woff2]
[excelmacktrade.com/assets/templates/basic/assets/fonts/Roboto-Regular.woff]
[excelmacktrade.com/assets/templates/basic/assets/fonts/Roboto-Regular.ttf]
[excelmacktrade.com/assets/templates/basic/assets/fonts/Roboto-Medium.eot]
[excelmacktrade.com/assets/templates/basic/assets/fonts/Roboto-Medium.woff2]
[excelmacktrade.com/assets/templates/basic/assets/fonts/Roboto-Medium.woff]
[excelmacktrade.com/assets/templates/basic/assets/fonts/Roboto-Medium.ttf]
[excelmacktrade.com/assets/templates/basic/assets/fonts/Roboto-Bold.eot]
[excelmacktrade.com/assets/templates/basic/assets/fonts/Roboto-Bold.woff2]
[excelmacktrade.com/assets/templates/basic/assets/fonts/Roboto-Bold.woff]
[excelmacktrade.com/assets/templates/basic/assets/fonts/Roboto-Bold.ttf]
[excelmacktrade.com/assets/templates/basic/assets/fonts/Nioicon.eot]
[excelmacktrade.com/assets/templates/basic/assets/fonts/Nioicon.ttf]
[excelmacktrade.com/assets/templates/basic/assets/fonts/Nioicon.woff]
[excelmacktrade.com/assets/templates/basic/assets/css/dashlite19ce.css]
[excelmacktrade.com/assets/templates/basic/assets/css/theme19ce.css]
[excelmacktrade.com/assets/templates/basic/css/colorb2a8.css]
[excelmacktrade.com/assets/templates/basic/front/svg/icomoon3f143f14.svg]
[excelmacktrade.com/assets/templates/basic/assets/fonts/Nioicon.svg]
